
> overtime-system@0.1.0 build
> next build

node.exe :  ΓÜá 
Warning: Next.js 
inferred your 
workspace root, but 
it may not be 
correct.
At line:1 char:1
+ & "C:\Program Files
\nodejs/node.exe" 
"C:\Program 
Files\nodejs/node_mo 
...
+ ~~~~~~~~~~~~~~~~~~~
~~~~~~~~~~~~~~~~~~~~~
~~~~~~~~~~~~~~~~~~~~~
~~~~~~~~
    + CategoryInfo   
           : NotSpe  
  cified: ( ΓÜá Wa   
 rning: N...not b    
e correct.:Strin    
g) [], RemoteExc    
eption
    + FullyQualified 
   ErrorId : Native  
  CommandError
 
 We detected 
multiple lockfiles 
and selected the 
directory of C:\Users
\Administrator\Downlo
ads\DES-main\package-
lock.json as the 
root directory.
 To silence this 
warning, set 
`turbopack.root` in 
your Next.js config, 
or consider removing 
one of the lockfiles 
if it's not needed.
   See https://nextjs
.org/docs/app/api-ref
erence/config/next-co
nfig-js/turbopack#roo
t-directory for more 
information.
 Detected additional 
lockfiles: 
   * C:\Users\Adminis
trator\Downloads\DES-
main\DES-main\package
-lock.json

   Γû▓ Next.js 16.0.7 (Turbopack)

   Creating an optimized production build ...
 Γ£ô Compiled successfully in 1791.1ms
   Running TypeScript ...
Failed to compile.

./app/api/v1/overtime
-requests/[id]/approv
als/route.ts:318:43
Type error: 
Parameter 'a' 
implicitly has an 
'any' type.

[0m [90m 316 
|[39m         
user[33m:[39m reque
st[33m.[39muser[33
m,[39m
 [90m 317 |[39m    
     
status[33m:[39m req
uest[33m.[39mstatus
[33m,[39m
[31m[1m>[22m[39m
[90m 318 |[39m      
   
approvals[33m:[39m 
request[33m.[39mapp
rovals[33m.[39mmap(
(a) [33m=>[39m ({
 [90m     |[39m    
                     
                  
[31m[1m^[22m[39m
 [90m 319 |[39m    
       id[33m:[39m 
a[33m.[39mid[33m,
[39m
 [90m 320 |[39m    
       step_order[33
m:[39m a[33m.[39ms
tep_order[33m,[39m
 [90m 321 |[39m    
       
status[33m:[39m a[
33m.[39mstatus[33m,
[39m[0m
Next.js build worker 
exited with code: 1 
and signal: null
